Microchip MPLAB XC8 Compiler V2.36

Linker command line:

-W-3 --edf=C:\Program Files\Microchip\xc8\v2.36\pic\dat\en_msgs.txt -cn \
  -h+dist/default/production\Controle_De_Nivel.X.production.sym \
  --cmf=dist/default/production\Controle_De_Nivel.X.production.cmf -z \
  -Q16F887 -oC:\Users\Desktop\AppData\Local\Temp\xcAshk.4 \
  --defsym=__MPLAB_BUILD=1 \
  -Mdist/default/production/Controle_De_Nivel.X.production.map \
  --md=C:\Users\Desktop\AppData\Local\Temp\xcAshk.dat -E1 -ver=XC8 Compiler \
  --acfsm=1493 -ACODE=00h-07FFhx4 -ASTRCODE=00h-01FFFh -ASTRING=00h-0FFhx32 \
  -ACONST=00h-0FFhx32 -AENTRY=00h-0FFhx32 -ACOMMON=070h-07Fh \
  -ABANK0=020h-06Fh -ABANK1=0A0h-0EFh -ABANK2=0110h-016Fh \
  -ABANK3=0190h-01EFh -ARAM=020h-06Fh,0A0h-0EFh,0110h-016Fh,0190h-01EFh \
  -AABS1=020h-07Fh,0A0h-0EFh,0110h-016Fh,0190h-01EFh -ASFR0=00h-01Fh \
  -ASFR1=080h-09Fh -ASFR2=0100h-010Fh -ASFR3=0180h-018Fh \
  -ACONFIG=02007h-02008h -DCONFIG=2 -AIDLOC=02000h-02003h -DIDLOC=2 \
  -AEEDATA=00h-0FFh/02100h -peeprom_data=EEDATA -DEEDATA=2 -DCODE=2 \
  -DSTRCODE=2 -DSTRING=2 -DCONST=2 -DENTRY=2 \
  -preset_vec=00h,intentry,init,end_init -ppowerup=CODE -pcinit=CODE \
  -pfunctab=ENTRY -k C:\Users\Desktop\AppData\Local\Temp\xcAshk.o \
  dist/default/production\Controle_De_Nivel.X.production.o 

Object code version is 3.11

Machine type is 16F887



                Name                               Link     Load   Length Selector   Space Scale
C:\Users\Desktop\AppData\Local\Temp\xcAshk.o
                end_init                              0        0        3        0       0
                config                             2007     2007        2        0       4
                idloc                              2000     2000        4        0       5
dist/default/production\Controle_De_Nivel.X.production.o
                cinit                               7FC      7FC        4      FF8       0
                config                             2007     2007        2        0       4
                idloc                              2000     2000        4        0       5
                text8                               58D      58D        6      B1A       0
                text7                               593      593        B      B26       0
                text6                               5B1      5B1       15      B62       0
                text5                               662      662       77      CC4       0
                text4                               623      623       3F      C46       0
                text3                               5C6      5C6       2C      B8C       0
                text2                               59E      59E       13      B3C       0
                text1                               5F2      5F2       31      BE4       0
                maintext                            6D9      6D9      123      DB2       0
                cstackCOMMON                         70       70        D       70       1
                strings                               3        3       40        6       0

TOTAL           Name                               Link     Load   Length     Space
        CLASS   CODE           
                end_init                              0        0        3         0
                cinit                               7FC      7FC        4         0
                text8                               58D      58D        6         0
                text7                               593      593        B         0
                text6                               5B1      5B1       15         0
                text5                               662      662       77         0
                text4                               623      623       3F         0
                text3                               5C6      5C6       2C         0
                text2                               59E      59E       13         0
                text1                               5F2      5F2       31         0
                maintext                            6D9      6D9      123         0

        CLASS   STRCODE        

        CLASS   STRING         
                strings                               3        3       40         0

        CLASS   CONST          

        CLASS   ENTRY          

        CLASS   COMMON         
                cstackCOMMON                         70       70        D         1

        CLASS   BANK0          

        CLASS   BANK1          

        CLASS   BANK2          

        CLASS   BANK3          

        CLASS   RAM            

        CLASS   ABS1           
                abs_s1                               7E       7E        2         1

        CLASS   SFR0           

        CLASS   SFR1           

        CLASS   SFR2           

        CLASS   SFR3           

        CLASS   CONFIG         
                config                             2007     2007        2         4

        CLASS   IDLOC          
                idloc                              2000     2000        4         5

        CLASS   EEDATA         

        CLASS   STACK          



SEGMENTS        Name                           Load    Length   Top    Selector   Space  Class     Delta

                reset_vec                      000000  000003  000003         0       0  CODE        2
                strings                        000003  000040  000043         6       0  STRING      2
                cstackCOMMON                   000070  00000D  00007D        70       1  COMMON      1
                text8                          00058D  000006  000593       B1A       0  CODE        2
                text7                          000593  00000B  00059E       B26       0  CODE        2
                text2                          00059E  000013  0005B1       B3C       0  CODE        2
                text6                          0005B1  000015  0005C6       B62       0  CODE        2
                text3                          0005C6  00002C  0005F2       B8C       0  CODE        2
                text1                          0005F2  000031  000623       BE4       0  CODE        2
                text4                          000623  00003F  000662       C46       0  CODE        2
                text5                          000662  000077  0006D9       CC4       0  CODE        2
                maintext                       0006D9  000123  0007FC       DB2       0  CODE        2
                cinit                          0007FC  000004  000800       FF8       0  CODE        2


UNUSED ADDRESS RANGES

        Name                Unused          Largest block    Delta
        BANK0            0020-006F             50           1
        BANK1            00A0-00EF             50           1
        BANK2            0110-016F             60           1
        BANK3            0190-01EF             60           1
        CODE             0043-058C            54A           2
                         0800-1FFF            800
        COMMON           007D-007D              1           1
        CONST            0043-058C            100           2
                         0800-1FFF            100
        EEDATA           2100-21FF            100           2
        ENTRY            0043-058C            100           2
                         0800-1FFF            100
        RAM              0020-006F             50           1
                         00A0-00EF             50
                         0110-016F             60
                         0190-01EF             60
        SFR0             0000-001F             20           1
        SFR1             0080-009F             20           1
        SFR2             0100-010F             10           1
        SFR3             0180-018F             10           1
        STRCODE          0043-058C            54A           2
                         0800-1FFF           1800
        STRING           0043-058C            100           2
                         0800-1FFF            100

                                  Symbol Table

_PORTAbits               (abs)        0005
_PORTCbits               (abs)        0007
_PORTD                   (abs)        0008
_PORTDbits               (abs)        0008
_Potencia_init           text8        058D
_Sensores_init           text7        0593
_TRISAbits               (abs)        0085
_TRISCbits               (abs)        0087
_TRISDbits               (abs)        0088
__Habs1                  abs1         0000
__Hbank0                 bank0        0000
__Hbank1                 bank1        0000
__Hbank2                 bank2        0000
__Hbank3                 bank3        0000
__Hcinit                 cinit        0800
__Hclrtext               clrtext      0000
__Hcode                  code         0000
__Hcommon                common       0000
__Hconfig                config       2009
__HcstackCOMMON          cstackCOMMON 0000
__Heeprom_data           eeprom_data  0000
__Hend_init              end_init     0003
__Hfunctab               functab      0000
__Hidloc                 idloc        2004
__Hinit                  init         0000
__Hintentry              intentry     0000
__Hmaintext              maintext     0000
__Hpowerup               powerup      0000
__Hram                   ram          0000
__Hreset_vec             reset_vec    0000
__Hsfr0                  sfr0         0000
__Hsfr1                  sfr1         0000
__Hsfr2                  sfr2         0000
__Hsfr3                  sfr3         0000
__Hspace_0               (abs)        0800
__Hspace_1               (abs)        007D
__Hspace_2               (abs)        0000
__Hspace_3               (abs)        0000
__Hspace_4               (abs)        4010
__Hstack                 stack        0000
__Hstrings               strings      0000
__Htext                  text         0000
__Labs1                  abs1         0000
__Lbank0                 bank0        0000
__Lbank1                 bank1        0000
__Lbank2                 bank2        0000
__Lbank3                 bank3        0000
__Lcinit                 cinit        07FC
__Lclrtext               clrtext      0000
__Lcode                  code         0000
__Lcommon                common       0000
__Lconfig                config       0000
__LcstackCOMMON          cstackCOMMON 0000
__Leeprom_data           eeprom_data  0000
__Lend_init              end_init     0000
__Lfunctab               functab      0000
__Lidloc                 idloc        0000
__Linit                  init         0000
__Lintentry              intentry     0000
__Lmaintext              maintext     0000
__Lpowerup               powerup      0000
__Lram                   ram          0000
__Lreset_vec             reset_vec    0000
__Lsfr0                  sfr0         0000
__Lsfr1                  sfr1         0000
__Lsfr2                  sfr2         0000
__Lsfr3                  sfr3         0000
__Lspace_0               (abs)        0000
__Lspace_1               (abs)        0000
__Lspace_2               (abs)        0000
__Lspace_3               (abs)        0000
__Lspace_4               (abs)        0000
__Lstack                 stack        0000
__Lstrings               strings      0000
__Ltext                  text         0000
__S0                     (abs)        0800
__S1                     (abs)        007D
__S3                     (abs)        0000
___int_sp                stack        0000
___latbits               (abs)        0002
___sp                    stack        0000
___stackhi               (abs)        0000
___stacklo               (abs)        0000
__end_of_Potencia_init   text8        0593
__end_of_Sensores_init   text7        059E
__end_of__initialization cinit        07FC
__end_of__stringtab      strings      0009
__end_of_delay           text6        05C6
__end_of_lcd_dataReg     text3        05F2
__end_of_lcd_init        text4        0662
__end_of_lcd_instReg     text5        06D9
__end_of_lcd_lincol      text2        05B1
__end_of_lcd_print       text1        0623
__end_of_main            maintext     07FC
__initialization         cinit        07FC
__pcstackCOMMON          cstackCOMMON 0070
__pmaintext              maintext     06D9
__pstrings               strings      0003
__ptext1                 text1        05F2
__ptext2                 text2        059E
__ptext3                 text3        05C6
__ptext4                 text4        0623
__ptext5                 text5        0662
__ptext6                 text6        05B1
__ptext7                 text7        0593
__ptext8                 text8        058D
__stringbase             strings      0008
__stringtab              strings      0003
_delay                   text6        05B1
_lcd_dataReg             text3        05C6
_lcd_init                text4        0623
_lcd_instReg             text5        0662
_lcd_lincol              text2        059E
_lcd_print               text1        05F2
_main                    maintext     06D9
btemp                    (abs)        007E
delay@t                  cstackCOMMON 0070
end_of_initialization    cinit        07FC
intlevel0                functab      0000
intlevel1                functab      0000
intlevel2                functab      0000
intlevel3                functab      0000
intlevel4                functab      0000
intlevel5                functab      0000
lcd_dataReg@d            cstackCOMMON 0072
lcd_instReg@i            cstackCOMMON 0072
lcd_lincol@col           cstackCOMMON 0073
lcd_lincol@lin           cstackCOMMON 0075
lcd_print@col            cstackCOMMON 0076
lcd_print@lin            cstackCOMMON 007A
lcd_print@pos            cstackCOMMON 0079
lcd_print@str            cstackCOMMON 0077
reset_vec                reset_vec    0000
start                    init         0000
start_initialization     cinit        07FC
wtemp0                   (abs)        007E


MODULE INFORMATION

Module		Function		Class		Link	Load	Size
delay.c
		_delay         		CODE           	05B1	0000	21

delay.c estimated size: 21

Sensores.c
		_Sensores_init 		CODE           	0593	0000	11

Sensores.c estimated size: 11

Potencia.c
		_Potencia_init 		CODE           	058D	0000	6

Potencia.c estimated size: 6

shared
		__stringtab    		STRING         	0003	0000	6
		__initialization		CODE           	07FC	0000	1

shared estimated size: 7

lcd.c
		_lcd_lincol    		CODE           	059E	0000	19
		_lcd_dataReg   		CODE           	05C6	0000	44
		_lcd_print     		CODE           	05F2	0000	49
		_lcd_instReg   		CODE           	0662	0000	119
		_lcd_init      		CODE           	0623	0000	63

lcd.c estimated size: 294

main.c
		_main          		CODE           	06D9	0000	291

main.c estimated size: 291

